⚠ The "middleware" file convention is deprecated. Please use "proxy" instead. Learn more: https://nextjs.org/docs/messages/middleware-to-proxy
⚠ Fast Refresh had to perform a full reload when ./app/landing/motion.tsx changed. Read more: https://nextjs.org/docs/messages/fast-refresh-reload
⨯ ReferenceError: HeroPlaceholder is not defined
    at LandingPage (app\landing\page.tsx:413:16)
  411 |             </div>
  412 |             <div className="hn-enter" style={{ "--d": "0.3s" } as React.CSSProperties}>
> 413 |               <HeroPlaceholder />
      |                ^
  414 |             </div>
  415 |           </div>
  416 |         </section> {
  digest: '67078866'
}
⨯ ReferenceError: HeroPlaceholder is not defined
    at LandingPage (app\landing\page.tsx:413:16)
  411 |             </div>
  412 |             <div className="hn-enter" style={{ "--d": "0.3s" } as React.CSSProperties}>
> 413 |               <HeroPlaceholder />
      |                ^
  414 |             </div>
  415 |           </div>
  416 |         </section> {
  digest: '67078866'
}
[browser] Uncaught ReferenceError: HeroPlaceholder is not defined
    at LandingPage (app\landing\page.tsx:413:16)
  411 |             </div>
  412 |             <div className="hn-enter" style={{ "--d": "0.3s" } as React.CSSProperties}>
> 413 |               <HeroPlaceholder />
      |                ^
  414 |             </div>
  415 |           </div>
  416 |         </section>
⚠ Fast Refresh had to perform a full reload due to a runtime error.
⨯ ReferenceError: HeroPlaceholder is not defined
    at LandingPage (app\landing\page.tsx:635:16)
  633 |             </div>
  634 |             <div className="hn-enter" style={{ "--d": "0.3s" } as React.CSSProperties}>
> 635 |               <HeroPlaceholder />
      |                ^
  636 |             </div>
  637 |           </div>
  638 |         </section> {
  digest: '2749371189'
}
[browser] Encountered a script tag while rendering React component. Scripts inside React components are never executed when rendering on the client. Consider using template tag instead (https://developer.mozilla.org/en-US/docs/Web/HTML/Element/template). 
[browser] Uncaught ReferenceError: HeroPlaceholder is not defined
    at LandingPage (app\landing\page.tsx:635:16)
  633 |             </div>
  634 |             <div className="hn-enter" style={{ "--d": "0.3s" } as React.CSSProperties}>
> 635 |               <HeroPlaceholder />
      |                ^
  636 |             </div>
  637 |           </div>
  638 |         </section>
⨯ ReferenceError: HeroPlaceholder is not defined
    at LandingPage (app\landing\page.tsx:635:16)
  633 |             </div>
  634 |             <div className="hn-enter" style={{ "--d": "0.3s" } as React.CSSProperties}>
> 635 |               <HeroPlaceholder />
      |                ^
  636 |             </div>
  637 |           </div>
  638 |         </section> {
  digest: '2749371189'
}
⚠ Fast Refresh had to perform a full reload due to a runtime error.
[browser] Encountered a script tag while rendering React component. Scripts inside React components are never executed when rendering on the client. Consider using template tag instead (https://developer.mozilla.org/en-US/docs/Web/HTML/Element/template). 
[browser] Uncaught ReferenceError: HeroPlaceholder is not defined
    at LandingPage (app\landing\page.tsx:635:16)
  633 |             </div>
  634 |             <div className="hn-enter" style={{ "--d": "0.3s" } as React.CSSProperties}>
> 635 |               <HeroPlaceholder />
      |                ^
  636 |             </div>
  637 |           </div>
  638 |         </section>
⚠ Fast Refresh had to perform a full reload due to a runtime error.
Failed to proxy http://127.0.0.1:8000/api/imports Error: socket hang up
    at ignore-listed frames {
  code: 'ECONNRESET'
}
Error: socket hang up
    at ignore-listed frames {
  code: 'ECONNRESET'
}
[browser] A tree hydrated but some attributes of the server rendered HTML didn't match the client properties. This won't be patched up. This can happen if a SSR-ed Client Component used:

- A server/client branch `if (typeof window !== 'undefined')`.
- Variable input such as `Date.now()` or `Math.random()` which changes each time it's called.
- Date formatting in a user's locale which doesn't match the server.
- External changing data without sending a snapshot of it along with the HTML.
- Invalid HTML tag nesting.

It can also happen if the client has a browser extension installed which messes with the HTML before React loaded.

https://react.dev/link/hydration-mismatch

  ...
    <HotReload globalError={[...]} webSocket={WebSocket} staticIndicatorState={{pathname:null, ...}}>
      <AppDevOverlayErrorBoundary globalError={[...]}>
        <ReplaySsrOnlyErrors>
        <DevRootHTTPAccessFallbackBoundary>
          <HTTPAccessFallbackBoundary notFound={<NotAllowedRootHTTPFallbackError>}>
            <HTTPAccessFallbackErrorBoundary pathname="/feedbacks" notFound={<NotAllowedRootHTTPFallbackError>} ...>
              <RedirectBoundary>
                <RedirectErrorBoundary router={{...}}>
                  <Head>
                  <__next_root_layout_boundary__>
                    <SegmentViewNode type="layout" pagePath="layout.tsx">
                      <SegmentTrieNode>
                      <link>
                      <script>
                      <script>
                      <script>
                      <RootLayout>
                        <html lang="en" suppressHydrationWarning={true} className="antialiase...">
                          <body
-                           cz-shortcut-listen="true"
                          >
                  ...
 
⨯ ./app/(app)/feedbacks/data-entry-dialog.tsx:27:1
Module not found: Can't resolve './csv-import-wizard'
  [90m25 |[0m [36mimport[0m { apiFetch, [33mApiError[0m } [36mfrom[0m [32m"@/lib/api"[0m;
  [90m26 |[0m [36mimport[0m [36mtype[0m { [33mFeedback[0m } [36mfrom[0m [32m"@/lib/types"[0m;
[31m[1m>[0m [90m27 |[0m [36mimport[0m { [33mCsvImportWizard[0m } [36mfrom[0m [32m"./csv-import-wizard"[0m;
  [90m   |[0m [31m[1m^^^^^^^^^^^^^^^^^^^^^^^^^^^^^^^^^^^^^^^^^^^^^^^^^^^^^^[0m
  [90m28 |[0m
  [90m29 |[0m [36mexport[0m [36mfunction[0m [33mDataEntryDialog[0m() {
  [90m30 |[0m   [36mconst[0m router = useRouter();



Import traces:
  Client Component Browser:
    ./app/(app)/feedbacks/data-entry-dialog.tsx [Client Component Browser]
    ./app/(app)/feedbacks/page.tsx [Client Component Browser]
    ./app/(app)/feedbacks/page.tsx [Server Component]

  Client Component SSR:
    ./app/(app)/feedbacks/data-entry-dialog.tsx [Client Component SSR]
    ./app/(app)/feedbacks/page.tsx [Client Component SSR]
    ./app/(app)/feedbacks/page.tsx [Server Component]

https://nextjs.org/docs/messages/module-not-found


⨯ ./app/(app)/feedbacks/data-entry-dialog.tsx:27:1
Module not found: Can't resolve './csv-import-wizard'
  [90m25 |[0m [36mimport[0m { apiFetch, [33mApiError[0m } [36mfrom[0m [32m"@/lib/api"[0m;
  [90m26 |[0m [36mimport[0m [36mtype[0m { [33mFeedback[0m } [36mfrom[0m [32m"@/lib/types"[0m;
[31m[1m>[0m [90m27 |[0m [36mimport[0m { [33mCsvImportWizard[0m } [36mfrom[0m [32m"./csv-import-wizard"[0m;
  [90m   |[0m [31m[1m^^^^^^^^^^^^^^^^^^^^^^^^^^^^^^^^^^^^^^^^^^^^^^^^^^^^^^[0m
  [90m28 |[0m
  [90m29 |[0m [36mexport[0m [36mfunction[0m [33mDataEntryDialog[0m() {
  [90m30 |[0m   [36mconst[0m router = useRouter();



Import traces:
  Client Component Browser:
    ./app/(app)/feedbacks/data-entry-dialog.tsx [Client Component Browser]
    ./app/(app)/feedbacks/page.tsx [Client Component Browser]
    ./app/(app)/feedbacks/page.tsx [Server Component]

  Client Component SSR:
    ./app/(app)/feedbacks/data-entry-dialog.tsx [Client Component SSR]
    ./app/(app)/feedbacks/page.tsx [Client Component SSR]
    ./app/(app)/feedbacks/page.tsx [Server Component]

https://nextjs.org/docs/messages/module-not-found


⨯ ./app/(app)/feedbacks/data-entry-dialog.tsx:27:1
Module not found: Can't resolve './csv-import-wizard'
  [90m25 |[0m [36mimport[0m { apiFetch, [33mApiError[0m } [36mfrom[0m [32m"@/lib/api"[0m;
  [90m26 |[0m [36mimport[0m [36mtype[0m { [33mFeedback[0m } [36mfrom[0m [32m"@/lib/types"[0m;
[31m[1m>[0m [90m27 |[0m [36mimport[0m { [33mCsvImportWizard[0m } [36mfrom[0m [32m"./csv-import-wizard"[0m;
  [90m   |[0m [31m[1m^^^^^^^^^^^^^^^^^^^^^^^^^^^^^^^^^^^^^^^^^^^^^^^^^^^^^^[0m
  [90m28 |[0m
  [90m29 |[0m [36mexport[0m [36mfunction[0m [33mDataEntryDialog[0m() {
  [90m30 |[0m   [36mconst[0m router = useRouter();



Import traces:
  Client Component Browser:
    ./app/(app)/feedbacks/data-entry-dialog.tsx [Client Component Browser]
    ./app/(app)/feedbacks/page.tsx [Client Component Browser]
    ./app/(app)/feedbacks/page.tsx [Server Component]

  Client Component SSR:
    ./app/(app)/feedbacks/data-entry-dialog.tsx [Client Component SSR]
    ./app/(app)/feedbacks/page.tsx [Client Component SSR]
    ./app/(app)/feedbacks/page.tsx [Server Component]

https://nextjs.org/docs/messages/module-not-found


⨯ ./app/(app)/feedbacks/data-entry-dialog.tsx:27:1
Module not found: Can't resolve './csv-import-wizard'
  [90m25 |[0m [36mimport[0m { apiFetch, [33mApiError[0m } [36mfrom[0m [32m"@/lib/api"[0m;
  [90m26 |[0m [36mimport[0m [36mtype[0m { [33mFeedback[0m } [36mfrom[0m [32m"@/lib/types"[0m;
[31m[1m>[0m [90m27 |[0m [36mimport[0m { [33mCsvImportWizard[0m } [36mfrom[0m [32m"./csv-import-wizard"[0m;
  [90m   |[0m [31m[1m^^^^^^^^^^^^^^^^^^^^^^^^^^^^^^^^^^^^^^^^^^^^^^^^^^^^^^[0m
  [90m28 |[0m
  [90m29 |[0m [36mexport[0m [36mfunction[0m [33mDataEntryDialog[0m() {
  [90m30 |[0m   [36mconst[0m router = useRouter();



Import traces:
  Client Component Browser:
    ./app/(app)/feedbacks/data-entry-dialog.tsx [Client Component Browser]
    ./app/(app)/feedbacks/page.tsx [Client Component Browser]
    ./app/(app)/feedbacks/page.tsx [Server Component]

  Client Component SSR:
    ./app/(app)/feedbacks/data-entry-dialog.tsx [Client Component SSR]
    ./app/(app)/feedbacks/page.tsx [Client Component SSR]
    ./app/(app)/feedbacks/page.tsx [Server Component]

https://nextjs.org/docs/messages/module-not-found


⨯ ./app/(app)/feedbacks/data-entry-dialog.tsx:27:1
Module not found: Can't resolve './csv-import-wizard'
  [90m25 |[0m [36mimport[0m { apiFetch, [33mApiError[0m } [36mfrom[0m [32m"@/lib/api"[0m;
  [90m26 |[0m [36mimport[0m [36mtype[0m { [33mFeedback[0m } [36mfrom[0m [32m"@/lib/types"[0m;
[31m[1m>[0m [90m27 |[0m [36mimport[0m { [33mCsvImportWizard[0m } [36mfrom[0m [32m"./csv-import-wizard"[0m;
  [90m   |[0m [31m[1m^^^^^^^^^^^^^^^^^^^^^^^^^^^^^^^^^^^^^^^^^^^^^^^^^^^^^^[0m
  [90m28 |[0m
  [90m29 |[0m [36mexport[0m [36mfunction[0m [33mDataEntryDialog[0m() {
  [90m30 |[0m   [36mconst[0m router = useRouter();



Import traces:
  Client Component Browser:
    ./app/(app)/feedbacks/data-entry-dialog.tsx [Client Component Browser]
    ./app/(app)/feedbacks/page.tsx [Client Component Browser]
    ./app/(app)/feedbacks/page.tsx [Server Component]

  Client Component SSR:
    ./app/(app)/feedbacks/data-entry-dialog.tsx [Client Component SSR]
    ./app/(app)/feedbacks/page.tsx [Client Component SSR]
    ./app/(app)/feedbacks/page.tsx [Server Component]

https://nextjs.org/docs/messages/module-not-found


⨯ ./app/(app)/feedbacks/data-entry-dialog.tsx:27:1
Module not found: Can't resolve './csv-import-wizard'
  [90m25 |[0m [36mimport[0m { apiFetch, [33mApiError[0m } [36mfrom[0m [32m"@/lib/api"[0m;
  [90m26 |[0m [36mimport[0m [36mtype[0m { [33mFeedback[0m } [36mfrom[0m [32m"@/lib/types"[0m;
[31m[1m>[0m [90m27 |[0m [36mimport[0m { [33mCsvImportWizard[0m } [36mfrom[0m [32m"./csv-import-wizard"[0m;
  [90m   |[0m [31m[1m^^^^^^^^^^^^^^^^^^^^^^^^^^^^^^^^^^^^^^^^^^^^^^^^^^^^^^[0m
  [90m28 |[0m
  [90m29 |[0m [36mexport[0m [36mfunction[0m [33mDataEntryDialog[0m() {
  [90m30 |[0m   [36mconst[0m router = useRouter();



Import traces:
  Client Component Browser:
    ./app/(app)/feedbacks/data-entry-dialog.tsx [Client Component Browser]
    ./app/(app)/feedbacks/page.tsx [Client Component Browser]
    ./app/(app)/feedbacks/page.tsx [Server Component]

  Client Component SSR:
    ./app/(app)/feedbacks/data-entry-dialog.tsx [Client Component SSR]
    ./app/(app)/feedbacks/page.tsx [Client Component SSR]
    ./app/(app)/feedbacks/page.tsx [Server Component]

https://nextjs.org/docs/messages/module-not-found


⨯ ./app/(app)/feedbacks/data-entry-dialog.tsx:27:1
Module not found: Can't resolve './csv-import-wizard'
  [90m25 |[0m [36mimport[0m { apiFetch, [33mApiError[0m } [36mfrom[0m [32m"@/lib/api"[0m;
  [90m26 |[0m [36mimport[0m [36mtype[0m { [33mFeedback[0m } [36mfrom[0m [32m"@/lib/types"[0m;
[31m[1m>[0m [90m27 |[0m [36mimport[0m { [33mCsvImportWizard[0m } [36mfrom[0m [32m"./csv-import-wizard"[0m;
  [90m   |[0m [31m[1m^^^^^^^^^^^^^^^^^^^^^^^^^^^^^^^^^^^^^^^^^^^^^^^^^^^^^^[0m
  [90m28 |[0m
  [90m29 |[0m [36mexport[0m [36mfunction[0m [33mDataEntryDialog[0m() {
  [90m30 |[0m   [36mconst[0m router = useRouter();



Import traces:
  Client Component Browser:
    ./app/(app)/feedbacks/data-entry-dialog.tsx [Client Component Browser]
    ./app/(app)/feedbacks/page.tsx [Client Component Browser]
    ./app/(app)/feedbacks/page.tsx [Server Component]

  Client Component SSR:
    ./app/(app)/feedbacks/data-entry-dialog.tsx [Client Component SSR]
    ./app/(app)/feedbacks/page.tsx [Client Component SSR]
    ./app/(app)/feedbacks/page.tsx [Server Component]

https://nextjs.org/docs/messages/module-not-found


⨯ ./app/(app)/feedbacks/data-entry-dialog.tsx:27:1
Module not found: Can't resolve './csv-import-wizard'
  [90m25 |[0m [36mimport[0m { apiFetch, [33mApiError[0m } [36mfrom[0m [32m"@/lib/api"[0m;
  [90m26 |[0m [36mimport[0m [36mtype[0m { [33mFeedback[0m } [36mfrom[0m [32m"@/lib/types"[0m;
[31m[1m>[0m [90m27 |[0m [36mimport[0m { [33mCsvImportWizard[0m } [36mfrom[0m [32m"./csv-import-wizard"[0m;
  [90m   |[0m [31m[1m^^^^^^^^^^^^^^^^^^^^^^^^^^^^^^^^^^^^^^^^^^^^^^^^^^^^^^[0m
  [90m28 |[0m
  [90m29 |[0m [36mexport[0m [36mfunction[0m [33mDataEntryDialog[0m() {
  [90m30 |[0m   [36mconst[0m router = useRouter();



Import traces:
  Client Component Browser:
    ./app/(app)/feedbacks/data-entry-dialog.tsx [Client Component Browser]
    ./app/(app)/feedbacks/page.tsx [Client Component Browser]
    ./app/(app)/feedbacks/page.tsx [Server Component]

  Client Component SSR:
    ./app/(app)/feedbacks/data-entry-dialog.tsx [Client Component SSR]
    ./app/(app)/feedbacks/page.tsx [Client Component SSR]
    ./app/(app)/feedbacks/page.tsx [Server Component]

https://nextjs.org/docs/messages/module-not-found


⨯ ./app/(app)/feedbacks/data-entry-dialog.tsx:27:1
Module not found: Can't resolve './csv-import-wizard'
  [90m25 |[0m [36mimport[0m { apiFetch, [33mApiError[0m } [36mfrom[0m [32m"@/lib/api"[0m;
  [90m26 |[0m [36mimport[0m [36mtype[0m { [33mFeedback[0m } [36mfrom[0m [32m"@/lib/types"[0m;
[31m[1m>[0m [90m27 |[0m [36mimport[0m { [33mCsvImportWizard[0m } [36mfrom[0m [32m"./csv-import-wizard"[0m;
  [90m   |[0m [31m[1m^^^^^^^^^^^^^^^^^^^^^^^^^^^^^^^^^^^^^^^^^^^^^^^^^^^^^^[0m
  [90m28 |[0m
  [90m29 |[0m [36mexport[0m [36mfunction[0m [33mDataEntryDialog[0m() {
  [90m30 |[0m   [36mconst[0m router = useRouter();



Import traces:
  Client Component Browser:
    ./app/(app)/feedbacks/data-entry-dialog.tsx [Client Component Browser]
    ./app/(app)/feedbacks/page.tsx [Client Component Browser]
    ./app/(app)/feedbacks/page.tsx [Server Component]

  Client Component SSR:
    ./app/(app)/feedbacks/data-entry-dialog.tsx [Client Component SSR]
    ./app/(app)/feedbacks/page.tsx [Client Component SSR]
    ./app/(app)/feedbacks/page.tsx [Server Component]

https://nextjs.org/docs/messages/module-not-found


⨯ ./app/(app)/feedbacks/data-entry-dialog.tsx:27:1
Module not found: Can't resolve './csv-import-wizard'
  [90m25 |[0m [36mimport[0m { apiFetch, [33mApiError[0m } [36mfrom[0m [32m"@/lib/api"[0m;
  [90m26 |[0m [36mimport[0m [36mtype[0m { [33mFeedback[0m } [36mfrom[0m [32m"@/lib/types"[0m;
[31m[1m>[0m [90m27 |[0m [36mimport[0m { [33mCsvImportWizard[0m } [36mfrom[0m [32m"./csv-import-wizard"[0m;
  [90m   |[0m [31m[1m^^^^^^^^^^^^^^^^^^^^^^^^^^^^^^^^^^^^^^^^^^^^^^^^^^^^^^[0m
  [90m28 |[0m
  [90m29 |[0m [36mexport[0m [36mfunction[0m [33mDataEntryDialog[0m() {
  [90m30 |[0m   [36mconst[0m router = useRouter();



Import traces:
  Client Component Browser:
    ./app/(app)/feedbacks/data-entry-dialog.tsx [Client Component Browser]
    ./app/(app)/feedbacks/page.tsx [Client Component Browser]
    ./app/(app)/feedbacks/page.tsx [Server Component]

  Client Component SSR:
    ./app/(app)/feedbacks/data-entry-dialog.tsx [Client Component SSR]
    ./app/(app)/feedbacks/page.tsx [Client Component SSR]
    ./app/(app)/feedbacks/page.tsx [Server Component]

https://nextjs.org/docs/messages/module-not-found


⨯ ./app/(app)/feedbacks/data-entry-dialog.tsx:27:1
Module not found: Can't resolve './csv-import-wizard'
  [90m25 |[0m [36mimport[0m { apiFetch, [33mApiError[0m } [36mfrom[0m [32m"@/lib/api"[0m;
  [90m26 |[0m [36mimport[0m [36mtype[0m { [33mFeedback[0m } [36mfrom[0m [32m"@/lib/types"[0m;
[31m[1m>[0m [90m27 |[0m [36mimport[0m { [33mCsvImportWizard[0m } [36mfrom[0m [32m"./csv-import-wizard"[0m;
  [90m   |[0m [31m[1m^^^^^^^^^^^^^^^^^^^^^^^^^^^^^^^^^^^^^^^^^^^^^^^^^^^^^^[0m
  [90m28 |[0m
  [90m29 |[0m [36mexport[0m [36mfunction[0m [33mDataEntryDialog[0m() {
  [90m30 |[0m   [36mconst[0m router = useRouter();



Import traces:
  Client Component Browser:
    ./app/(app)/feedbacks/data-entry-dialog.tsx [Client Component Browser]
    ./app/(app)/feedbacks/page.tsx [Client Component Browser]
    ./app/(app)/feedbacks/page.tsx [Server Component]

  Client Component SSR:
    ./app/(app)/feedbacks/data-entry-dialog.tsx [Client Component SSR]
    ./app/(app)/feedbacks/page.tsx [Client Component SSR]
    ./app/(app)/feedbacks/page.tsx [Server Component]

https://nextjs.org/docs/messages/module-not-found


⨯ ./app/(app)/feedbacks/data-entry-dialog.tsx:27:1
Module not found: Can't resolve './csv-import-wizard'
  [90m25 |[0m [36mimport[0m { apiFetch, [33mApiError[0m } [36mfrom[0m [32m"@/lib/api"[0m;
  [90m26 |[0m [36mimport[0m [36mtype[0m { [33mFeedback[0m } [36mfrom[0m [32m"@/lib/types"[0m;
[31m[1m>[0m [90m27 |[0m [36mimport[0m { [33mCsvImportWizard[0m } [36mfrom[0m [32m"./csv-import-wizard"[0m;
  [90m   |[0m [31m[1m^^^^^^^^^^^^^^^^^^^^^^^^^^^^^^^^^^^^^^^^^^^^^^^^^^^^^^[0m
  [90m28 |[0m
  [90m29 |[0m [36mexport[0m [36mfunction[0m [33mDataEntryDialog[0m() {
  [90m30 |[0m   [36mconst[0m router = useRouter();



Import traces:
  Client Component Browser:
    ./app/(app)/feedbacks/data-entry-dialog.tsx [Client Component Browser]
    ./app/(app)/feedbacks/page.tsx [Client Component Browser]
    ./app/(app)/feedbacks/page.tsx [Server Component]

  Client Component SSR:
    ./app/(app)/feedbacks/data-entry-dialog.tsx [Client Component SSR]
    ./app/(app)/feedbacks/page.tsx [Client Component SSR]
    ./app/(app)/feedbacks/page.tsx [Server Component]

https://nextjs.org/docs/messages/module-not-found


⨯ ./app/(app)/feedbacks/data-entry-dialog.tsx:27:1
Module not found: Can't resolve './csv-import-wizard'
  [90m25 |[0m [36mimport[0m { apiFetch, [33mApiError[0m } [36mfrom[0m [32m"@/lib/api"[0m;
  [90m26 |[0m [36mimport[0m [36mtype[0m { [33mFeedback[0m } [36mfrom[0m [32m"@/lib/types"[0m;
[31m[1m>[0m [90m27 |[0m [36mimport[0m { [33mCsvImportWizard[0m } [36mfrom[0m [32m"./csv-import-wizard"[0m;
  [90m   |[0m [31m[1m^^^^^^^^^^^^^^^^^^^^^^^^^^^^^^^^^^^^^^^^^^^^^^^^^^^^^^[0m
  [90m28 |[0m
  [90m29 |[0m [36mexport[0m [36mfunction[0m [33mDataEntryDialog[0m() {
  [90m30 |[0m   [36mconst[0m router = useRouter();



Import traces:
  Client Component Browser:
    ./app/(app)/feedbacks/data-entry-dialog.tsx [Client Component Browser]
    ./app/(app)/feedbacks/page.tsx [Client Component Browser]
    ./app/(app)/feedbacks/page.tsx [Server Component]

  Client Component SSR:
    ./app/(app)/feedbacks/data-entry-dialog.tsx [Client Component SSR]
    ./app/(app)/feedbacks/page.tsx [Client Component SSR]
    ./app/(app)/feedbacks/page.tsx [Server Component]

https://nextjs.org/docs/messages/module-not-found


⨯ ./app/(app)/feedbacks/data-entry-dialog.tsx:27:1
Module not found: Can't resolve './csv-import-wizard'
  [90m25 |[0m [36mimport[0m { apiFetch, [33mApiError[0m } [36mfrom[0m [32m"@/lib/api"[0m;
  [90m26 |[0m [36mimport[0m [36mtype[0m { [33mFeedback[0m } [36mfrom[0m [32m"@/lib/types"[0m;
[31m[1m>[0m [90m27 |[0m [36mimport[0m { [33mCsvImportWizard[0m } [36mfrom[0m [32m"./csv-import-wizard"[0m;
  [90m   |[0m [31m[1m^^^^^^^^^^^^^^^^^^^^^^^^^^^^^^^^^^^^^^^^^^^^^^^^^^^^^^[0m
  [90m28 |[0m
  [90m29 |[0m [36mexport[0m [36mfunction[0m [33mDataEntryDialog[0m() {
  [90m30 |[0m   [36mconst[0m router = useRouter();



Import traces:
  Client Component Browser:
    ./app/(app)/feedbacks/data-entry-dialog.tsx [Client Component Browser]
    ./app/(app)/feedbacks/page.tsx [Client Component Browser]
    ./app/(app)/feedbacks/page.tsx [Server Component]

  Client Component SSR:
    ./app/(app)/feedbacks/data-entry-dialog.tsx [Client Component SSR]
    ./app/(app)/feedbacks/page.tsx [Client Component SSR]
    ./app/(app)/feedbacks/page.tsx [Server Component]

https://nextjs.org/docs/messages/module-not-found


⨯ ./app/(app)/feedbacks/data-entry-dialog.tsx:27:1
Module not found: Can't resolve './csv-import-wizard'
  [90m25 |[0m [36mimport[0m { apiFetch, [33mApiError[0m } [36mfrom[0m [32m"@/lib/api"[0m;
  [90m26 |[0m [36mimport[0m [36mtype[0m { [33mFeedback[0m } [36mfrom[0m [32m"@/lib/types"[0m;
[31m[1m>[0m [90m27 |[0m [36mimport[0m { [33mCsvImportWizard[0m } [36mfrom[0m [32m"./csv-import-wizard"[0m;
  [90m   |[0m [31m[1m^^^^^^^^^^^^^^^^^^^^^^^^^^^^^^^^^^^^^^^^^^^^^^^^^^^^^^[0m
  [90m28 |[0m
  [90m29 |[0m [36mexport[0m [36mfunction[0m [33mDataEntryDialog[0m() {
  [90m30 |[0m   [36mconst[0m router = useRouter();



Import traces:
  Client Component Browser:
    ./app/(app)/feedbacks/data-entry-dialog.tsx [Client Component Browser]
    ./app/(app)/feedbacks/page.tsx [Client Component Browser]
    ./app/(app)/feedbacks/page.tsx [Server Component]

  Client Component SSR:
    ./app/(app)/feedbacks/data-entry-dialog.tsx [Client Component SSR]
    ./app/(app)/feedbacks/page.tsx [Client Component SSR]
    ./app/(app)/feedbacks/page.tsx [Server Component]

https://nextjs.org/docs/messages/module-not-found


⨯ ./app/(app)/feedbacks/data-entry-dialog.tsx:27:1
Module not found: Can't resolve './csv-import-wizard'
  [90m25 |[0m [36mimport[0m { apiFetch, [33mApiError[0m } [36mfrom[0m [32m"@/lib/api"[0m;
  [90m26 |[0m [36mimport[0m [36mtype[0m { [33mFeedback[0m } [36mfrom[0m [32m"@/lib/types"[0m;
[31m[1m>[0m [90m27 |[0m [36mimport[0m { [33mCsvImportWizard[0m } [36mfrom[0m [32m"./csv-import-wizard"[0m;
  [90m   |[0m [31m[1m^^^^^^^^^^^^^^^^^^^^^^^^^^^^^^^^^^^^^^^^^^^^^^^^^^^^^^[0m
  [90m28 |[0m
  [90m29 |[0m [36mexport[0m [36mfunction[0m [33mDataEntryDialog[0m() {
  [90m30 |[0m   [36mconst[0m router = useRouter();



Import traces:
  Client Component Browser:
    ./app/(app)/feedbacks/data-entry-dialog.tsx [Client Component Browser]
    ./app/(app)/feedbacks/page.tsx [Client Component Browser]
    ./app/(app)/feedbacks/page.tsx [Server Component]

  Client Component SSR:
    ./app/(app)/feedbacks/data-entry-dialog.tsx [Client Component SSR]
    ./app/(app)/feedbacks/page.tsx [Client Component SSR]
    ./app/(app)/feedbacks/page.tsx [Server Component]

https://nextjs.org/docs/messages/module-not-found


⨯ ./app/(app)/feedbacks/data-entry-dialog.tsx:27:1
Module not found: Can't resolve './csv-import-wizard'
  [90m25 |[0m [36mimport[0m { apiFetch, [33mApiError[0m } [36mfrom[0m [32m"@/lib/api"[0m;
  [90m26 |[0m [36mimport[0m [36mtype[0m { [33mFeedback[0m } [36mfrom[0m [32m"@/lib/types"[0m;
[31m[1m>[0m [90m27 |[0m [36mimport[0m { [33mCsvImportWizard[0m } [36mfrom[0m [32m"./csv-import-wizard"[0m;
  [90m   |[0m [31m[1m^^^^^^^^^^^^^^^^^^^^^^^^^^^^^^^^^^^^^^^^^^^^^^^^^^^^^^[0m
  [90m28 |[0m
  [90m29 |[0m [36mexport[0m [36mfunction[0m [33mDataEntryDialog[0m() {
  [90m30 |[0m   [36mconst[0m router = useRouter();



Import traces:
  Client Component Browser:
    ./app/(app)/feedbacks/data-entry-dialog.tsx [Client Component Browser]
    ./app/(app)/feedbacks/page.tsx [Client Component Browser]
    ./app/(app)/feedbacks/page.tsx [Server Component]

  Client Component SSR:
    ./app/(app)/feedbacks/data-entry-dialog.tsx [Client Component SSR]
    ./app/(app)/feedbacks/page.tsx [Client Component SSR]
    ./app/(app)/feedbacks/page.tsx [Server Component]

https://nextjs.org/docs/messages/module-not-found


⨯ ./app/(app)/feedbacks/data-entry-dialog.tsx:27:1
Module not found: Can't resolve './csv-import-wizard'
  [90m25 |[0m [36mimport[0m { apiFetch, [33mApiError[0m } [36mfrom[0m [32m"@/lib/api"[0m;
  [90m26 |[0m [36mimport[0m [36mtype[0m { [33mFeedback[0m } [36mfrom[0m [32m"@/lib/types"[0m;
[31m[1m>[0m [90m27 |[0m [36mimport[0m { [33mCsvImportWizard[0m } [36mfrom[0m [32m"./csv-import-wizard"[0m;
  [90m   |[0m [31m[1m^^^^^^^^^^^^^^^^^^^^^^^^^^^^^^^^^^^^^^^^^^^^^^^^^^^^^^[0m
  [90m28 |[0m
  [90m29 |[0m [36mexport[0m [36mfunction[0m [33mDataEntryDialog[0m() {
  [90m30 |[0m   [36mconst[0m router = useRouter();



Import traces:
  Client Component Browser:
    ./app/(app)/feedbacks/data-entry-dialog.tsx [Client Component Browser]
    ./app/(app)/feedbacks/page.tsx [Client Component Browser]
    ./app/(app)/feedbacks/page.tsx [Server Component]

  Client Component SSR:
    ./app/(app)/feedbacks/data-entry-dialog.tsx [Client Component SSR]
    ./app/(app)/feedbacks/page.tsx [Client Component SSR]
    ./app/(app)/feedbacks/page.tsx [Server Component]

https://nextjs.org/docs/messages/module-not-found


⨯ ./app/(app)/feedbacks/data-entry-dialog.tsx:27:1
Module not found: Can't resolve './csv-import-wizard'
  [90m25 |[0m [36mimport[0m { apiFetch, [33mApiError[0m } [36mfrom[0m [32m"@/lib/api"[0m;
  [90m26 |[0m [36mimport[0m [36mtype[0m { [33mFeedback[0m } [36mfrom[0m [32m"@/lib/types"[0m;
[31m[1m>[0m [90m27 |[0m [36mimport[0m { [33mCsvImportWizard[0m } [36mfrom[0m [32m"./csv-import-wizard"[0m;
  [90m   |[0m [31m[1m^^^^^^^^^^^^^^^^^^^^^^^^^^^^^^^^^^^^^^^^^^^^^^^^^^^^^^[0m
  [90m28 |[0m
  [90m29 |[0m [36mexport[0m [36mfunction[0m [33mDataEntryDialog[0m() {
  [90m30 |[0m   [36mconst[0m router = useRouter();



Import traces:
  Client Component Browser:
    ./app/(app)/feedbacks/data-entry-dialog.tsx [Client Component Browser]
    ./app/(app)/feedbacks/page.tsx [Client Component Browser]
    ./app/(app)/feedbacks/page.tsx [Server Component]

  Client Component SSR:
    ./app/(app)/feedbacks/data-entry-dialog.tsx [Client Component SSR]
    ./app/(app)/feedbacks/page.tsx [Client Component SSR]
    ./app/(app)/feedbacks/page.tsx [Server Component]

https://nextjs.org/docs/messages/module-not-found


⨯ ./app/(app)/feedbacks/data-entry-dialog.tsx:27:1
Module not found: Can't resolve './csv-import-wizard'
  [90m25 |[0m [36mimport[0m { apiFetch, [33mApiError[0m } [36mfrom[0m [32m"@/lib/api"[0m;
  [90m26 |[0m [36mimport[0m [36mtype[0m { [33mFeedback[0m } [36mfrom[0m [32m"@/lib/types"[0m;
[31m[1m>[0m [90m27 |[0m [36mimport[0m { [33mCsvImportWizard[0m } [36mfrom[0m [32m"./csv-import-wizard"[0m;
  [90m   |[0m [31m[1m^^^^^^^^^^^^^^^^^^^^^^^^^^^^^^^^^^^^^^^^^^^^^^^^^^^^^^[0m
  [90m28 |[0m
  [90m29 |[0m [36mexport[0m [36mfunction[0m [33mDataEntryDialog[0m() {
  [90m30 |[0m   [36mconst[0m router = useRouter();



Import traces:
  Client Component Browser:
    ./app/(app)/feedbacks/data-entry-dialog.tsx [Client Component Browser]
    ./app/(app)/feedbacks/page.tsx [Client Component Browser]
    ./app/(app)/feedbacks/page.tsx [Server Component]

  Client Component SSR:
    ./app/(app)/feedbacks/data-entry-dialog.tsx [Client Component SSR]
    ./app/(app)/feedbacks/page.tsx [Client Component SSR]
    ./app/(app)/feedbacks/page.tsx [Server Component]

https://nextjs.org/docs/messages/module-not-found


⨯ ./app/(app)/feedbacks/data-entry-dialog.tsx:27:1
Module not found: Can't resolve './csv-import-wizard'
  [90m25 |[0m [36mimport[0m { apiFetch, [33mApiError[0m } [36mfrom[0m [32m"@/lib/api"[0m;
  [90m26 |[0m [36mimport[0m [36mtype[0m { [33mFeedback[0m } [36mfrom[0m [32m"@/lib/types"[0m;
[31m[1m>[0m [90m27 |[0m [36mimport[0m { [33mCsvImportWizard[0m } [36mfrom[0m [32m"./csv-import-wizard"[0m;
  [90m   |[0m [31m[1m^^^^^^^^^^^^^^^^^^^^^^^^^^^^^^^^^^^^^^^^^^^^^^^^^^^^^^[0m
  [90m28 |[0m
  [90m29 |[0m [36mexport[0m [36mfunction[0m [33mDataEntryDialog[0m() {
  [90m30 |[0m   [36mconst[0m router = useRouter();



Import traces:
  Client Component Browser:
    ./app/(app)/feedbacks/data-entry-dialog.tsx [Client Component Browser]
    ./app/(app)/feedbacks/page.tsx [Client Component Browser]
    ./app/(app)/feedbacks/page.tsx [Server Component]

  Client Component SSR:
    ./app/(app)/feedbacks/data-entry-dialog.tsx [Client Component SSR]
    ./app/(app)/feedbacks/page.tsx [Client Component SSR]
    ./app/(app)/feedbacks/page.tsx [Server Component]

https://nextjs.org/docs/messages/module-not-found


⨯ ./app/(app)/feedbacks/data-entry-dialog.tsx:27:1
Module not found: Can't resolve './csv-import-wizard'
  [90m25 |[0m [36mimport[0m { apiFetch, [33mApiError[0m } [36mfrom[0m [32m"@/lib/api"[0m;
  [90m26 |[0m [36mimport[0m [36mtype[0m { [33mFeedback[0m } [36mfrom[0m [32m"@/lib/types"[0m;
[31m[1m>[0m [90m27 |[0m [36mimport[0m { [33mCsvImportWizard[0m } [36mfrom[0m [32m"./csv-import-wizard"[0m;
  [90m   |[0m [31m[1m^^^^^^^^^^^^^^^^^^^^^^^^^^^^^^^^^^^^^^^^^^^^^^^^^^^^^^[0m
  [90m28 |[0m
  [90m29 |[0m [36mexport[0m [36mfunction[0m [33mDataEntryDialog[0m() {
  [90m30 |[0m   [36mconst[0m router = useRouter();



Import traces:
  Client Component Browser:
    ./app/(app)/feedbacks/data-entry-dialog.tsx [Client Component Browser]
    ./app/(app)/feedbacks/page.tsx [Client Component Browser]
    ./app/(app)/feedbacks/page.tsx [Server Component]

  Client Component SSR:
    ./app/(app)/feedbacks/data-entry-dialog.tsx [Client Component SSR]
    ./app/(app)/feedbacks/page.tsx [Client Component SSR]
    ./app/(app)/feedbacks/page.tsx [Server Component]

https://nextjs.org/docs/messages/module-not-found


[browser] ./app/(app)/feedbacks/data-entry-dialog.tsx:27:1
Module not found: Can't resolve './csv-import-wizard'
  25 | import { apiFetch, ApiError } from "@/lib/api";
  26 | import type { Feedback } from "@/lib/types";
> 27 | import { CsvImportWizard } from "./csv-import-wizard";
     | ^^^^^^^^^^^^^^^^^^^^^^^^^^^^^^^^^^^^^^^^^^^^^^^^^^^^^^
  28 |
  29 | export function DataEntryDialog() {
  30 |   const router = useRouter();

Import traces:
  Client Component Browser:
    ./app/(app)/feedbacks/data-entry-dialog.tsx [Client Component Browser]
    ./app/(app)/feedbacks/page.tsx [Client Component Browser]
    ./app/(app)/feedbacks/page.tsx [Server Component]

  Client Component SSR:
    ./app/(app)/feedbacks/data-entry-dialog.tsx [Client Component SSR]
    ./app/(app)/feedbacks/page.tsx [Client Component SSR]
    ./app/(app)/feedbacks/page.tsx [Server Component]

https://nextjs.org/docs/messages/module-not-found 
[browser] ./app/(app)/feedbacks/data-entry-dialog.tsx:27:1
Module not found: Can't resolve './csv-import-wizard'
  25 | import { apiFetch, ApiError } from "@/lib/api";
  26 | import type { Feedback } from "@/lib/types";
> 27 | import { CsvImportWizard } from "./csv-import-wizard";
     | ^^^^^^^^^^^^^^^^^^^^^^^^^^^^^^^^^^^^^^^^^^^^^^^^^^^^^^
  28 |
  29 | export function DataEntryDialog() {
  30 |   const router = useRouter();

Import traces:
  Client Component Browser:
    ./app/(app)/feedbacks/data-entry-dialog.tsx [Client Component Browser]
    ./app/(app)/feedbacks/page.tsx [Client Component Browser]
    ./app/(app)/feedbacks/page.tsx [Server Component]

  Client Component SSR:
    ./app/(app)/feedbacks/data-entry-dialog.tsx [Client Component SSR]
    ./app/(app)/feedbacks/page.tsx [Client Component SSR]
    ./app/(app)/feedbacks/page.tsx [Server Component]

https://nextjs.org/docs/messages/module-not-found 
[browser] ./app/(app)/feedbacks/data-entry-dialog.tsx:27:1
Module not found: Can't resolve './csv-import-wizard'
  25 | import { apiFetch, ApiError } from "@/lib/api";
  26 | import type { Feedback } from "@/lib/types";
> 27 | import { CsvImportWizard } from "./csv-import-wizard";
     | ^^^^^^^^^^^^^^^^^^^^^^^^^^^^^^^^^^^^^^^^^^^^^^^^^^^^^^
  28 |
  29 | export function DataEntryDialog() {
  30 |   const router = useRouter();

Import traces:
  Client Component Browser:
    ./app/(app)/feedbacks/data-entry-dialog.tsx [Client Component Browser]
    ./app/(app)/feedbacks/page.tsx [Client Component Browser]
    ./app/(app)/feedbacks/page.tsx [Server Component]

  Client Component SSR:
    ./app/(app)/feedbacks/data-entry-dialog.tsx [Client Component SSR]
    ./app/(app)/feedbacks/page.tsx [Client Component SSR]
    ./app/(app)/feedbacks/page.tsx [Server Component]

https://nextjs.org/docs/messages/module-not-found 
[browser] ./app/(app)/feedbacks/data-entry-dialog.tsx:27:1
Module not found: Can't resolve './csv-import-wizard'
  25 | import { apiFetch, ApiError } from "@/lib/api";
  26 | import type { Feedback } from "@/lib/types";
> 27 | import { CsvImportWizard } from "./csv-import-wizard";
     | ^^^^^^^^^^^^^^^^^^^^^^^^^^^^^^^^^^^^^^^^^^^^^^^^^^^^^^
  28 |
  29 | export function DataEntryDialog() {
  30 |   const router = useRouter();

Import traces:
  Client Component Browser:
    ./app/(app)/feedbacks/data-entry-dialog.tsx [Client Component Browser]
    ./app/(app)/feedbacks/page.tsx [Client Component Browser]
    ./app/(app)/feedbacks/page.tsx [Server Component]

  Client Component SSR:
    ./app/(app)/feedbacks/data-entry-dialog.tsx [Client Component SSR]
    ./app/(app)/feedbacks/page.tsx [Client Component SSR]
    ./app/(app)/feedbacks/page.tsx [Server Component]

https://nextjs.org/docs/messages/module-not-found 
[browser] ./app/(app)/feedbacks/data-entry-dialog.tsx:27:1
Module not found: Can't resolve './csv-import-wizard'
  25 | import { apiFetch, ApiError } from "@/lib/api";
  26 | import type { Feedback } from "@/lib/types";
> 27 | import { CsvImportWizard } from "./csv-import-wizard";
     | ^^^^^^^^^^^^^^^^^^^^^^^^^^^^^^^^^^^^^^^^^^^^^^^^^^^^^^
  28 |
  29 | export function DataEntryDialog() {
  30 |   const router = useRouter();

Import traces:
  Client Component Browser:
    ./app/(app)/feedbacks/data-entry-dialog.tsx [Client Component Browser]
    ./app/(app)/feedbacks/page.tsx [Client Component Browser]
    ./app/(app)/feedbacks/page.tsx [Server Component]

  Client Component SSR:
    ./app/(app)/feedbacks/data-entry-dialog.tsx [Client Component SSR]
    ./app/(app)/feedbacks/page.tsx [Client Component SSR]
    ./app/(app)/feedbacks/page.tsx [Server Component]

https://nextjs.org/docs/messages/module-not-found 
[browser] A tree hydrated but some attributes of the server rendered HTML didn't match the client properties. This won't be patched up. This can happen if a SSR-ed Client Component used:

- A server/client branch `if (typeof window !== 'undefined')`.
- Variable input such as `Date.now()` or `Math.random()` which changes each time it's called.
- Date formatting in a user's locale which doesn't match the server.
- External changing data without sending a snapshot of it along with the HTML.
- Invalid HTML tag nesting.

It can also happen if the client has a browser extension installed which messes with the HTML before React loaded.

https://react.dev/link/hydration-mismatch

  ...
    <HotReload globalError={[...]} webSocket={WebSocket} staticIndicatorState={{pathname:null, ...}}>
      <AppDevOverlayErrorBoundary globalError={[...]}>
        <ReplaySsrOnlyErrors>
        <DevRootHTTPAccessFallbackBoundary>
          <HTTPAccessFallbackBoundary notFound={<NotAllowedRootHTTPFallbackError>}>
            <HTTPAccessFallbackErrorBoundary pathname="/feedbacks" notFound={<NotAllowedRootHTTPFallbackError>} ...>
              <RedirectBoundary>
                <RedirectErrorBoundary router={{...}}>
                  <Head>
                  <__next_root_layout_boundary__>
                    <SegmentViewNode type="layout" pagePath="layout.tsx">
                      <SegmentTrieNode>
                      <link>
                      <script>
                      <script>
                      <script>
                      <RootLayout>
                        <html lang="en" suppressHydrationWarning={true} className="antialiase...">
                          <body
-                           cz-shortcut-listen="true"
                          >
                  ...
 
Failed to proxy http://127.0.0.1:8000/api/analysis/runs?limit=50 Error: socket hang up
    at ignore-listed frames {
  code: 'ECONNRESET'
}
Error: socket hang up
    at ignore-listed frames {
  code: 'ECONNRESET'
}
Failed to proxy http://127.0.0.1:8000/api/imports?limit=50 Error: socket hang up
    at ignore-listed frames {
  code: 'ECONNRESET'
}
Error: socket hang up
    at ignore-listed frames {
  code: 'ECONNRESET'
}
Failed to proxy http://127.0.0.1:8000/api/analysis/runs?limit=50 Error: socket hang up
    at ignore-listed frames {
  code: 'ECONNRESET'
}
Error: socket hang up
    at ignore-listed frames {
  code: 'ECONNRESET'
}
Failed to proxy http://127.0.0.1:8000/api/imports?limit=50 Error: socket hang up
    at ignore-listed frames {
  code: 'ECONNRESET'
}
Error: socket hang up
    at ignore-listed frames {
  code: 'ECONNRESET'
}
Failed to proxy http://127.0.0.1:8000/api/analysis/runs?limit=50 Error: socket hang up
    at ignore-listed frames {
  code: 'ECONNRESET'
}
Error: socket hang up
    at ignore-listed frames {
  code: 'ECONNRESET'
}
Failed to proxy http://127.0.0.1:8000/api/imports?limit=50 Error: socket hang up
    at ignore-listed frames {
  code: 'ECONNRESET'
}
Error: socket hang up
    at ignore-listed frames {
  code: 'ECONNRESET'
}
Failed to proxy http://127.0.0.1:8000/api/auth/me Error: socket hang up
    at ignore-listed frames {
  code: 'ECONNRESET'
}
Error: socket hang up
    at ignore-listed frames {
  code: 'ECONNRESET'
}
Failed to proxy http://127.0.0.1:8000/api/feedbacks?limit=20&offset=0 Error: socket hang up
    at ignore-listed frames {
  code: 'ECONNRESET'
}
Error: socket hang up
    at ignore-listed frames {
  code: 'ECONNRESET'
}
Failed to proxy http://127.0.0.1:8000/api/reports/summary?days=30 Error: socket hang up
    at ignore-listed frames {
  code: 'ECONNRESET'
}
Error: socket hang up
    at ignore-listed frames {
  code: 'ECONNRESET'
}
Failed to proxy http://127.0.0.1:8000/api/analysis/runs?limit=50 Error: socket hang up
    at ignore-listed frames {
  code: 'ECONNRESET'
}
Error: socket hang up
    at ignore-listed frames {
  code: 'ECONNRESET'
}
